Status code: 200
Respuesta: {'id': 'chatcmpl-50845bc1-1a1b-424b-8eb1-80762881ad60', 'object': 'chat.completion', 'created': 1748055382, 'model': 'llama3-8b-8192', 'choices': [{'index': 0, 'message': {'role': 'assistant', 'content': '{\n"plan": {\n"Monday": {\n"Warm-up": "5-10 minutos de caminar o correr en el lugar",\n"Aer�bico": "30-40 minutos de bicicleta est�tica o ejercicio de alta intensidad",\n"Fortalecimiento": "3 series de 10-12 repeticiones de los siguientes ejercicios: sentadillas, presses de hombros, curl de brazos",\n"Stretching": "5-10 minutos de estiramientos en las piernas y brazos"\n},\n\n"Tuesday": {\n"Warm-up": "5-10 minutos de caminar o correr en el lugar",\n"Aer�bico": "30-40 minutos de entrenamiento de fuerza en el gimnasio (m�quinas y pesas)",\n"Fortalecimiento": "3 series de 10-12 repeticiones de los siguientes ejercicios: squats, bench press, rows",\n"Stretching": "5-10 minutos de estiramientos en las piernas y brazos"\n},\n\n"Wednesday": {\n"Rest day"\n},\n\n"Thursday": {\n"Warm-up": "5-10 minutos de caminar o correr en el lugar",\n"Aer�bico": "30-40 minutos de entrenamiento de cardio en el lugar (saltar, boxeo, etc.)",\n"Fortalecimiento": "3 series de 10-12 repeticiones de los siguientes ejercicios: lunges, calf raises, front raises",\n"Stretching": "5-10 minutos de estiramientos en las piernas y brazos"\n},\n\n"Friday": {\n"Warm-up": "5-10 minutos de caminar o correr en el lugar",\n"Aer�bico": "30-40 minutos de entrenamiento de fuerza en el gimnasio (m�quinas y pesas)",\n"Fortalecimiento": "3 series de 10-12 repeticiones de los siguientes ejercicios: deadlifts, bench press, rows",\n"Stretching": "5-10 minutos de estiramientos en las piernas y brazos"\n},\n\n"Saturday": {\n"Rest day"\n},\n\n"Sunday": {\n"Longue": "60-90 minutos de caminar o correr en el lugar o entrenamiento de fuerza en el gimnasio"\n}\n},\n\n"recomendaciones": {\n"Aseg�rate de calentar antes de entrenar y estirar despu�s",\n"Comienza'}, 'logprobs': None, 'finish_reason': 'length'}], 'usage': {'queue_time': 0.020451380999999998, 'prompt_tokens': 92, 'prompt_time': 0.011986759, 'completion_tokens': 512, 'completion_time': 0.426666667, 'total_tokens': 604, 'total_time': 0.438653426}, 'usage_breakdown': {'models': None}, 'system_fingerprint': 'fp_dadc9d6142', 'x_groq': {'id': 'req_01jw03gpt3eextbexrshs7smh3'}}
Found 15 test(s).
Operations to perform:
  Synchronize unmigrated apps: corsheaders, drf_yasg, messages, rest_framework, staticfiles
  Apply all migrations: admin, auth, authtoken, contenttypes, conversation, feedback, notifications, plans, progress, sessions, social_django, token_blacklist, users
Synchronizing apps without migrations:
  Creating tables...
    Running deferred SQL...
Running migrations:
  Applying contenttypes.0001_initial... OK
  Applying contenttypes.0002_remove_content_type_name... OK
  Applying auth.0001_initial... OK
  Applying auth.0002_alter_permission_name_max_length... OK
  Applying auth.0003_alter_user_email_max_length... OK
  Applying auth.0004_alter_user_username_opts... OK
  Applying auth.0005_alter_user_last_login_null... OK
  Applying auth.0006_require_contenttypes_0002... OK
  Applying auth.0007_alter_validators_add_error_messages... OK
  Applying auth.0008_alter_user_username_max_length... OK
  Applying auth.0009_alter_user_last_name_max_length... OK
  Applying auth.0010_alter_group_name_max_length... OK
  Applying auth.0011_update_proxy_permissions... OK
  Applying auth.0012_alter_user_first_name_max_length... OK
  Applying users.0001_initial... OK
  Applying admin.0001_initial... OK
  Applying admin.0002_logentry_remove_auto_add... OK
  Applying admin.0003_logentry_add_action_flag_choices... OK
  Applying authtoken.0001_initial... OK
  Applying authtoken.0002_auto_20160226_1747... OK
  Applying authtoken.0003_tokenproxy... OK
  Applying authtoken.0004_alter_tokenproxy_options... OK
  Applying conversation.0001_initial... OK
  Applying conversation.0002_conversationflow... OK
  Applying feedback.0001_initial... OK
  Applying feedback.0002_initial... OK
  Applying feedback.0003_alter_feedback_usuario... OK
  Applying notifications.0001_initial... OK
  Applying notifications.0002_initial... OK
  Applying notifications.0003_notificacion_contexto_notificacion_hora_preferida_and_more... OK
  Applying plans.0001_initial... OK
  Applying plans.0002_initial... OK
  Applying plans.0003_userfitnessprofile... OK
  Applying plans.0004_routine_fecha... OK
  Applying plans.0005_routine_fecha_realizacion_routine_realizada... OK
  Applying plans.0006_exerciseroutine_status_routine_status... OK
  Applying progress.0001_initial... OK
  Applying progress.0002_initial... OK
  Applying sessions.0001_initial... OK
  Applying social_django.0001_initial... OK
  Applying social_django.0002_add_related_name... OK
  Applying social_django.0003_alter_email_max_length... OK
  Applying social_django.0004_auto_20160423_0400... OK
  Applying social_django.0005_auto_20160727_2333... OK
  Applying social_django.0006_partial... OK
  Applying social_django.0007_code_timestamp... OK
  Applying social_django.0008_partial_timestamp... OK
  Applying social_django.0009_auto_20191118_0520... OK
  Applying social_django.0010_uid_db_index... OK
  Applying social_django.0011_alter_id_fields... OK
  Applying social_django.0012_usersocialauth_extra_data_new... OK
  Applying social_django.0013_migrate_extra_data... OK
  Applying social_django.0014_remove_usersocialauth_extra_data... OK
  Applying social_django.0015_rename_extra_data_new_usersocialauth_extra_data... OK
  Applying social_django.0016_alter_usersocialauth_extra_data... OK
  Applying token_blacklist.0001_initial... OK
  Applying token_blacklist.0002_outstandingtoken_jti_hex... OK
  Applying token_blacklist.0003_auto_20171017_2007... OK
  Applying token_blacklist.0004_auto_20171017_2013... OK
  Applying token_blacklist.0005_remove_outstandingtoken_jti... OK
  Applying token_blacklist.0006_auto_20171017_2113... OK
  Applying token_blacklist.0007_auto_20171017_2214... OK
  Applying token_blacklist.0008_migrate_to_bigautofield... OK
  Applying token_blacklist.0010_fix_migrate_to_bigautofield... OK
  Applying token_blacklist.0011_linearizes_history... OK
  Applying token_blacklist.0012_alter_outstandingtoken_user... OK
  Applying users.0002_alter_user_tipo_usuario... OK
  Applying users.0003_remove_user_altura_remove_user_edad_and_more... OK
  Applying users.0004_permission_role_rolepermission_role_permissions_and_more... OK
[DEBUG] GROQ_API_KEY: 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
System check identified no issues (0 silenced).
